// Jest Snapshot v1, https://goo.gl/fbAQLP

exports[`Renders correctly 1`] = `
<div
  className="grid-container"
>
  <div
    className="header"
  >
    <h1>
      ART EXHIBITION
    </h1>
  </div>
  <div
    className="main"
  >
    <div
      className="card"
    >
      <div>
        <div
          className="tab flex-container-tab"
        >
          <button
            className="active tab"
            name="0"
            onClick={[Function]}
          >
            Art 1
          </button>
          <button
            className="tab"
            name="1"
            onClick={[Function]}
          >
            Art 2
          </button>
          <button
            className="tab"
            name="2"
            onClick={[Function]}
          >
            Art 3
          </button>
          <button
            className="tab"
            name="3"
            onClick={[Function]}
          >
            Art 4
          </button>
        </div>
      </div>
      <div
        className="grid-container-art"
      >
        <div
          className="grid-item-image"
          dangerouslySetInnerHTML={
            Object {
              "__html": null,
            }
          }
        />
        <div
          className="grid-item-text"
        />
        <div
          className="grid-item-audio"
        >
          <audio
            controls={true}
            src={null}
            type="audio/mp3"
          />
        </div>
      </div>
    </div>
    <div
      className="btn-div"
    >
      <button
        className="fav-btn"
        onClick={[Function]}
      >
        Make Favourite
      </button>
      <button
        className="fav-btn"
        onClick={[Function]}
      >
        Show Favourite
      </button>
    </div>
  </div>
  <div>
    <div
      className="flex-container-radio footer"
    >
      <form>
        <h1>
          audio
        </h1>
        <div
          className="radio"
        >
          <label
            className="pointer"
          >
            <input
              checked={true}
              className="pointer"
              name="audio"
              onChange={[Function]}
              type="radio"
              value="acoustic"
            />
            acoustic
            <span
              className="checkmark"
            />
          </label>
        </div>
        <div
          className="radio"
        >
          <label
            className="pointer"
          >
            <input
              checked={false}
              className="pointer"
              name="audio"
              onChange={[Function]}
              type="radio"
              value="cinematic"
            />
            cinematic
            <span
              className="checkmark"
            />
          </label>
        </div>
        <div
          className="radio"
        >
          <label
            className="pointer"
          >
            <input
              checked={false}
              className="pointer"
              name="audio"
              onChange={[Function]}
              type="radio"
              value="rock"
            />
            rock
            <span
              className="checkmark"
            />
          </label>
        </div>
      </form>
      <form>
        <h1>
          image
        </h1>
        <div
          className="radio"
        >
          <label
            className="pointer"
          >
            <input
              checked={true}
              className="pointer"
              name="image"
              onChange={[Function]}
              type="radio"
              value="butterfly"
            />
            butterfly
            <span
              className="checkmark"
            />
          </label>
        </div>
        <div
          className="radio"
        >
          <label
            className="pointer"
          >
            <input
              checked={false}
              className="pointer"
              name="image"
              onChange={[Function]}
              type="radio"
              value="flower"
            />
            flower
            <span
              className="checkmark"
            />
          </label>
        </div>
        <div
          className="radio"
        >
          <label
            className="pointer"
          >
            <input
              checked={false}
              className="pointer"
              name="image"
              onChange={[Function]}
              type="radio"
              value="planet"
            />
            planet
            <span
              className="checkmark"
            />
          </label>
        </div>
      </form>
      <form>
        <h1>
          text
        </h1>
        <div
          className="radio"
        >
          <label
            className="pointer"
          >
            <input
              checked={true}
              className="pointer"
              name="text"
              onChange={[Function]}
              type="radio"
              value="lyric"
            />
            lyric
            <span
              className="checkmark"
            />
          </label>
        </div>
        <div
          className="radio"
        >
          <label
            className="pointer"
          >
            <input
              checked={false}
              className="pointer"
              name="text"
              onChange={[Function]}
              type="radio"
              value="poem"
            />
            poem
            <span
              className="checkmark"
            />
          </label>
        </div>
        <div
          className="radio"
        >
          <label
            className="pointer"
          >
            <input
              checked={false}
              className="pointer"
              name="text"
              onChange={[Function]}
              type="radio"
              value="quote"
            />
            quote
            <span
              className="checkmark"
            />
          </label>
        </div>
      </form>
    </div>
  </div>
</div>
`;
